
Reverse Engineering Done.

Source Artifacts have been added to the model to ensure that the generated code reflects details from the original code, such as global comments, preprocessor directives, and the order of elements. See the log file for more details.
To view the Source Artifacts in the Rhapsody browser, open the View menu and select Browser Display Options > Show Source Artifacts.
Source Artifacts were added for the following files:
Adding File 'AircraftSensor:impl' to Class 'AircraftSensor'.
Adding File 'AircraftSensor:spec' to Class 'AircraftSensor'.
Adding File 'Civilian:impl' to Actor 'Civilian'.
Adding File 'Civilian:spec' to Actor 'Civilian'.
Adding File 'CommunicationChannel:impl' to Class 'CommunicationChannel'.
Adding File 'CommunicationChannel:spec' to Class 'CommunicationChannel'.
Adding File 'DataStorage:impl' to Class 'DataStorage'.
Adding File 'DataStorage:spec' to Class 'DataStorage'.
Adding File 'DESIGN:impl' to Package 'DESIGN'.
Adding File 'DESIGN:spec' to Package 'DESIGN'.
Adding File 'DisasterResponder:impl' to Actor 'DisasterResponder'.
Adding File 'DisasterResponder:spec' to Actor 'DisasterResponder'.
Adding File 'Environment:impl' to Class 'Environment'.
Adding File 'Environment:spec' to Class 'Environment'.
Adding File 'Government:impl' to Actor 'Government'.
Adding File 'Government:spec' to Actor 'Government'.
Adding File 'GovernmentChannels:impl' to Class 'GovernmentChannels'.
Adding File 'GovernmentChannels:spec' to Class 'GovernmentChannels'.
Adding File 'Maintainer:impl' to Actor 'Maintainer'.
Adding File 'Maintainer:spec' to Actor 'Maintainer'.
Adding File 'PushNotificationModule:impl' to Class 'PushNotificationModule'.
Adding File 'PushNotificationModule:spec' to Class 'PushNotificationModule'.
Adding File 'SatelliteSensor:impl' to Class 'SatelliteSensor'.
Adding File 'SatelliteSensor:spec' to Class 'SatelliteSensor'.
Adding File 'Sensor:impl' to Class 'Sensor'.
Adding File 'Sensor:spec' to Class 'Sensor'.
Adding File 'SensorManager:impl' to Class 'SensorManager'.
Adding File 'SensorManager:spec' to Class 'SensorManager'.
Adding File 'SERVICES_UCS:impl' to Package 'SERVICES_UCS'.
Adding File 'SERVICES_UCS:spec' to Package 'SERVICES_UCS'.
Adding File 'SMSModule:impl' to Class 'SMSModule'.
Adding File 'SMSModule:spec' to Class 'SMSModule'.
Adding File 'SMSWTD:impl' to Class 'SMSWTD'.
Adding File 'SMSWTD:spec' to Class 'SMSWTD'.
Adding File 'SMSWTDSystemController:impl' to Class 'SMSWTDSystemController'.
Adding File 'SMSWTDSystemController:spec' to Class 'SMSWTDSystemController'.
Adding File 'SocialMediaModule:impl' to Class 'SocialMediaModule'.
Adding File 'SocialMediaModule:spec' to Class 'SocialMediaModule'.
Adding File 'SYSTEM_CONTEXT:impl' to Package 'SYSTEM_CONTEXT'.
Adding File 'SYSTEM_CONTEXT:spec' to Package 'SYSTEM_CONTEXT'.
Adding File 'UnderwaterSensor:impl' to Class 'UnderWaterSensor'.
Adding File 'UnderwaterSensor:spec' to Class 'UnderWaterSensor'.
Adding File 'UserInterface:impl' to Class 'UserInterface'.
Adding File 'UserInterface:spec' to Class 'UserInterface'.

